// Jest Snapshot v1, https://goo.gl/fbAQLP

exports[`dts 1`] = `
"// Generated by 'unplugin-auto-import'
declare global {
  const onActivated: typeof import('vue-demi')['onActivated']
  const onBeforeMount: typeof import('vue-demi')['onBeforeMount']
  const onBeforeUnmount: typeof import('vue-demi')['onBeforeUnmount']
  const onBeforeUpdate: typeof import('vue-demi')['onBeforeUpdate']
  const onMounted: typeof import('vue-demi')['onMounted']
  const onUnmounted: typeof import('vue-demi')['onUnmounted']
  const onUpdated: typeof import('vue-demi')['onUpdated']
  const computed: typeof import('vue-demi')['computed']
  const customRef: typeof import('vue-demi')['customRef']
  const isReadonly: typeof import('vue-demi')['isReadonly']
  const isRef: typeof import('vue-demi')['isRef']
  const markRaw: typeof import('vue-demi')['markRaw']
  const reactive: typeof import('vue-demi')['reactive']
  const readonly: typeof import('vue-demi')['readonly']
  const ref: typeof import('vue-demi')['ref']
  const shallowReactive: typeof import('vue-demi')['shallowReactive']
  const shallowReadonly: typeof import('vue-demi')['shallowReadonly']
  const shallowRef: typeof import('vue-demi')['shallowRef']
  const toRaw: typeof import('vue-demi')['toRaw']
  const toRef: typeof import('vue-demi')['toRef']
  const toRefs: typeof import('vue-demi')['toRefs']
  const unref: typeof import('vue-demi')['unref']
  const watch: typeof import('vue-demi')['watch']
  const watchEffect: typeof import('vue-demi')['watchEffect']
  const defineComponent: typeof import('vue-demi')['defineComponent']
  const getCurrentInstance: typeof import('vue-demi')['getCurrentInstance']
  const h: typeof import('vue-demi')['h']
  const inject: typeof import('vue-demi')['inject']
  const nextTick: typeof import('vue-demi')['nextTick']
  const provide: typeof import('vue-demi')['provide']
  const useCssModule: typeof import('vue-demi')['useCssModule']
  const createApp: typeof import('vue-demi')['createApp']
  const useState: typeof import('react')['useState']
  const useCallback: typeof import('react')['useCallback']
  const useMemo: typeof import('react')['useMemo']
  const useEffect: typeof import('react')['useEffect']
  const useRef: typeof import('react')['useRef']
  const useContext: typeof import('react')['useContext']
  const useReducer: typeof import('react')['useReducer']
  const customNamed: typeof import('custom')['customNamed']
  const customDefault: typeof import('custom')['default']
}
export {}
"
`;
